To honour the JVM settings for this build a single-use Daemon process will be forked. For more on this, please refer to https://docs.gradle.org/8.8/userguide/gradle_daemon.html#sec:disabling_the_daemon in the Gradle documentation.
Daemon will be stopped at the end of the build 

> Task :compileJava
F:\project\Jenny-mod-1.21.1\src\main\java\com\schnurritv\sexmod\client\gui\GirlHUDOverlay.java:8: 错误: 找不到符号
import net.minecraftforge.client.event.RenderGuiOverlayEvent;
                                      ^
  符号:   类 RenderGuiOverlayEvent
  位置: 程序包 net.minecraftforge.client.event
F:\project\Jenny-mod-1.21.1\src\main\java\com\schnurritv\sexmod\client\gui\GirlHUDOverlay.java:21: 错误: 程序包RenderGuiOverlayEvent不存在
    public static void onRenderGui(RenderGuiOverlayEvent.Post event) {
                                                        ^
2 个错误

> Task :compileJava FAILED

FAILURE: Build failed with an exception.

* What went wrong:
Execution failed for task ':compileJava'.
> Compilation failed; see the compiler error output for details.

* Try:
> Run with --info option to get more log output.
> Run with --scan to get full insights.

Deprecated Gradle features were used in this build, making it incompatible with Gradle 9.0.

You can use '--warning-mode all' to show the individual deprecation warnings and determine if they come from your own scripts or plugins.

For more on this, please refer to https://docs.gradle.org/8.8/userguide/command_line_interface.html#sec:command_line_warnings in the Gradle documentation.

BUILD FAILED in 13s
1 actionable task: 1 executed
